-
    - info
    - 'Verifying if there is a pending authentication from SP'
    - {  }
-
    - info
    - 'Verify valid public key credential response'
    -
        nameId: JaneDoe123
-
    - info
    - 'Verify if there is an existing public key credential assertion options in session'
    -
        nameId: JaneDoe123
-
    - warning
    - 'Invalid attestation response "Return value of Mockery_3_App_PublicKeyCredentialRequestOptionsStore::get() must be an instance of Webauthn\PublicKeyCredentialRequestOptions, null returned"'
    -
        nameId: JaneDoe123
