-
    - info
    - 'Verifying if there is a pending registration from SP'
    - {  }
-
    - info
    - 'Verify valid public key credential response'
    - {  }
-
    - warning
    - 'Invalid public key credential response ""Mockery_8_Webauthn_AuthenticatorAssertionResponse" is an invalid response type"'
    - {  }
